// Jest Snapshot v1, https://goo.gl/fbAQLP

exports[`Pruebas en <CounterApp /> debe de mostrar <CounterApp /> correctamente 1`] = `
<div>
  <h1>
    CounterApp
  </h1>
  <h2>
    100
  </h2>
  <div
    class="btn-container"
  >
    <button>
      -1
    </button>
    <button
      aria-label="btn-reset"
    >
      reset
    </button>
    <button>
      +1
    </button>
  </div>
</div>
`;
